[backblue.gif]
[fade.gif]
[index.html]
[192.168.1.188/argon/img/brand/favicon.png]
[192.168.1.188/argon/img/brand/white.png]
[192.168.1.188/argon/img/brand/blue.png]
[192.168.1.188/argon/vendor/jquery/dist/jquery.min.js]
[192.168.1.188/argon/vendor/bootstrap/dist/js/bootstrap.bundle.min.js]
[192.168.1.188/argon/js/argone209.js]
[192.168.1.188/index.html]
[192.168.1.188/argon/vendor/nucleo/fonts/nucleo-icons.eot]
[192.168.1.188/argon/vendor/nucleo/fonts/nucleo-icons.woff2]
[192.168.1.188/argon/vendor/nucleo/fonts/nucleo-icons.woff]
[192.168.1.188/argon/vendor/nucleo/fonts/nucleo-icons.ttf]
[192.168.1.188/argon/vendor/nucleo/css/nucleo.css]
[192.168.1.188/argon/vendor/@fortawesome/fontawesome-free/webfonts/fa-brands-400.eot]
[192.168.1.188/argon/vendor/@fortawesome/fontawesome-free/webfonts/fa-brands-400.woff2]
[192.168.1.188/argon/vendor/@fortawesome/fontawesome-free/webfonts/fa-brands-400d41d.eot]
[192.168.1.188/argon/vendor/@fortawesome/fontawesome-free/webfonts/fa-brands-400.woff]
[192.168.1.188/argon/vendor/@fortawesome/fontawesome-free/webfonts/fa-brands-400.ttf]
[192.168.1.188/argon/vendor/@fortawesome/fontawesome-free/webfonts/fa-regular-400.eot]
[192.168.1.188/argon/vendor/@fortawesome/fontawesome-free/webfonts/fa-regular-400.woff2]
[192.168.1.188/argon/vendor/@fortawesome/fontawesome-free/webfonts/fa-regular-400d41d.eot]
[192.168.1.188/argon/vendor/@fortawesome/fontawesome-free/webfonts/fa-regular-400.woff]
[192.168.1.188/argon/vendor/@fortawesome/fontawesome-free/webfonts/fa-regular-400.ttf]
[192.168.1.188/argon/vendor/@fortawesome/fontawesome-free/webfonts/fa-solid-900.eot]
[192.168.1.188/argon/vendor/@fortawesome/fontawesome-free/webfonts/fa-solid-900.woff2]
[192.168.1.188/argon/vendor/@fortawesome/fontawesome-free/webfonts/fa-solid-900d41d.eot]
[192.168.1.188/argon/vendor/@fortawesome/fontawesome-free/webfonts/fa-solid-900.woff]
[192.168.1.188/argon/vendor/@fortawesome/fontawesome-free/webfonts/fa-solid-900.ttf]
[192.168.1.188/argon/vendor/@fortawesome/fontawesome-free/css/all.min.css]
[192.168.1.188/argon/css/argone209.css]
[192.168.1.188/login.html]
[192.168.1.188/register.html]
[192.168.1.188/argon/vendor/nucleo/fonts/nucleo-icons.svg]
[192.168.1.188/argon/vendor/@fortawesome/fontawesome-free/webfonts/fa-brands-400.svg]
[192.168.1.188/argon/vendor/@fortawesome/fontawesome-free/webfonts/fa-regular-400.svg]
[192.168.1.188/argon/vendor/@fortawesome/fontawesome-free/webfonts/fa-solid-900.svg]
[192.168.1.188/password/reset.html]
[192.168.1.188/argon/img/icons/common/facebook.html]
[192.168.1.188/argon/img/icons/common/google.svg]
